Finished Init super loop␊
[KAL] FSM=INIT   Rail(p= -40.3 r= -28.1)  ESKF(p=  +0.0 r=  +0.0 y=  +0.0)  alt=-0.0m vD=+0.0␊
[KAL] hlth=0x1E  loop=117664us(max 118303)  mainLoop=122390us(max 123053)  NIS=0.0  hiNIS=0  yields=0␊
[KAL] IMU=1428  baro=7  gps=0  imuDrop=0  baroDrop=0  evtDrop=0  imuBuf=zu  baroBuf=zu  evtBuf=zu  rwd=1422  drained=0␊
[KAL] ring_hwm=[102,0,0]  gate=SHUT  grnd=NO  hdg=NO␊
[KAL] raw: ax=  +0.02 ay=  +0.46 az= -16.63  gx=-0.547 gy=+0.004 gz=+0.009  P=96835Pa T=26.7C␊
[KAL] gyroBias: +0.00007 -0.00158 -0.00269 (rad/s)␊
---␊
[KAL] FSM=INIT   Rail(p= -44.3 r= -38.0)  ESKF(p=  +0.0 r=  +0.0 y=  +0.0)  alt=-0.0m vD=+0.0␊
[KAL] hlth=0x1E  loop=117495us(max 118303)  mainLoop=122345us(max 125110)  NIS=0.0  hiNIS=0  yields=0␊
[KAL] IMU=2958  baro=14  gps=0  imuDrop=0  baroDrop=0  evtDrop=0  imuBuf=zu  baroBuf=zu  evtBuf=zu  rwd=2952  drained=0␊
[KAL] ring_hwm=[102,0,0]  gate=SHUT  grnd=NO  hdg=NO␊
[KAL] raw: ax=  +0.18 ay=  +0.37 az= -19.14  gx=+0.555 gy=-0.547 gz=+0.001  P=96836Pa T=26.7C␊
[KAL] gyroBias: -0.00005 -0.00090 -0.00214 (rad/s)␊
---␊
[KAL] FSM=INIT   Rail(p= -42.0 r= -33.5)  ESKF(p=  +0.0 r=  +0.0 y=  +0.0)  alt=-0.0m vD=+0.0␊
[KAL] hlth=0x1E  loop=117886us(max 118303)  mainLoop=122414us(max 125110)  NIS=0.0  hiNIS=0  yields=0␊
[KAL] IMU=4488  baro=22  gps=0  imuDrop=0  baroDrop=0  evtDrop=0  imuBuf=zu  baroBuf=zu  evtBuf=zu  rwd=3200  drained=0␊
[KAL] ring_hwm=[102,0,0]  gate=SHUT  grnd=NO  hdg=NO␊
[KAL] raw: ax=  -2.45 ay=  +0.28 az= -16.74  gx=-0.546 gy=+0.001 gz=+0.018  P=96832Pa T=26.7C␊
[KAL] gyroBias: +0.00024 -0.00087 -0.00201 (rad/s)␊
---␊
[KAL] FSM=INIT   Rail(p= -57.4 r=  +4.6)  ESKF(p=  +0.0 r=  +0.0 y=  +0.0)  alt=-0.0m vD=+0.0␊
[KAL] hlth=0x1E  loop=117900us(max 118303)  mainLoop=122901us(max 125292)  NIS=0.0  hiNIS=0  yields=0␊
[KAL] IMU=6018  baro=29  gps=0  imuDrop=0  baroDrop=0  evtDrop=0  imuBuf=zu  baroBuf=zu  evtBuf=zu  rwd=3200  drained=0␊
[KAL] ring_hwm=[102,0,0]  gate=SHUT  grnd=NO  hdg=NO␊
[KAL] raw: ax=  +0.16 ay=  +0.28 az= -16.68  gx=-0.546 gy=+0.001 gz=+0.023  P=96835Pa T=26.7C␊
[KAL] gyroBias: +0.00004 -0.00096 -0.00163 (rad/s)␊
---␊
[KAL] FSM=INIT   Rail(p= -55.4 r= -54.7)  ESKF(p=  +0.0 r=  +0.0 y=  +0.0)  alt=-0.0m vD=+0.0␊
[KAL] hlth=0x1E  loop=117707us(max 118303)  mainLoop=122207us(max 125292)  NIS=0.0  hiNIS=0  yields=0␊
[KAL] IMU=7548  baro=37  gps=0  imuDrop=0  baroDrop=0  evtDrop=0  imuBuf=zu  baroBuf=zu  evtBuf=zu  rwd=3200  drained=0␊
[KAL] ring_hwm=[102,0,0]  gate=SHUT  grnd=NO  hdg=NO␊
[KAL] raw: ax=  +0.01 ay=  +0.23 az= -16.78  gx=-0.006 gy=-0.546 gz=+0.001  P=96833Pa T=26.7C␊
[KAL] gyroBias: -0.00022 -0.00016 -0.00154 (rad/s)␊
---␊
[KAL] FSM=INIT   Rail(p= -59.1 r= +12.7)  ESKF(p=  +0.0 r=  +0.0 y=  +0.0)  alt=-0.0m vD=+0.0␊
[KAL] hlth=0x1E  loop=117882us(max 118303)  mainLoop=122606us(max 125292)  NIS=0.0  hiNIS=0  yields=0␊
[KAL] IMU=9078  baro=44  gps=0  imuDrop=0  baroDrop=0  evtDrop=0  imuBuf=zu  baroBuf=zu  evtBuf=zu  rwd=3200  drained=0␊
[KAL] ring_hwm=[102,0,0]  gate=SHUT  grnd=NO  hdg=NO␊
[KAL] raw: ax=  +0.02 ay=  +0.25 az= -16.78  gx=-0.000 gy=-0.548 gz=+0.006  P=96835Pa T=26.7C␊
[KAL] gyroBias: +0.00027 -0.00046 -0.00159 (rad/s)␊
---␊
[KAL] FSM=INIT   Rail(p= -56.6 r= -24.4)  ESKF(p=  +0.0 r=  +0.0 y=  +0.0)  alt=-0.0m vD=+0.0␊
[KAL] hlth=0x1E  loop=117871us(max 118536)  mainLoop=122595us(max 125292)  NIS=0.0  hiNIS=0  yields=0␊
[KAL] IMU=10608  baro=52  gps=0  imuDrop=0  baroDrop=0  evtDrop=0  imuBuf=zu  baroBuf=zu  evtBuf=zu  rwd=3200  drained=0␊
[KAL] ring_hwm=[102,0,0]  gate=SHUT  grnd=NO  hdg=NO␊
[KAL] raw: ax=  +0.29 ay=  +0.35 az= -19.31  gx=+0.555 gy=-0.001 gz=-0.551  P=96838Pa T=26.7C␊
[KAL] gyroBias: -0.00028 +0.00002 -0.00149 (rad/s)␊
---␊
[KAL] FSM=INIT   Rail(p= -55.3 r= -79.2)  ESKF(p=  +0.0 r=  +0.0 y=  +0.0)  alt=-0.0m vD=+0.0␊
[KAL] hlth=0x1E  loop=117516us(max 118536)  mainLoop=122289us(max 125292)  NIS=0.0  hiNIS=0  yields=0␊
[KAL] IMU=12138  baro=59  gps=0  imuDrop=0  baroDrop=0  evtDrop=0  imuBuf=zu  baroBuf=zu  evtBuf=zu  rwd=3200  drained=0␊
[KAL] ring_hwm=[102,0,0]  gate=SHUT  grnd=NO  hdg=NO␊
[KAL] raw: ax=  -2.49 ay=  +0.44 az= -16.57  gx=-0.547 gy=+0.001 gz=+0.014  P=96835Pa T=26.7C␊
[KAL] gyroBias: -0.00036 +0.00061 -0.00144 (rad/s)␊
---␊
[KAL] FSM=INIT   Rail(p= -38.6 r= -97.0)  ESKF(p=  +0.0 r=  +0.0 y=  +0.0)  alt=-0.0m vD=+0.0␊
[KAL] hlth=0x1E  loop=117644us(max 118536)  mainLoop=122203us(max 125292)  NIS=0.0  hiNIS=0  yields=0␊
[KAL] IMU=13668  baro=67  gps=0  imuDrop=0  baroDrop=0  evtDrop=0  imuBuf=zu  baroBuf=zu  evtBuf=zu  rwd=3200  drained=0␊
[KAL] ring_hwm=[102,0,0]  gate=SHUT  grnd=NO  hdg=NO␊
[KAL] raw: ax=  +0.05 ay=  +0.31 az= -16.88  gx=-0.551 gy=+0.023 gz=+0.006  P=96834Pa T=26.7C␊
[KAL] gyroBias: -0.00018 +0.00003 -0.00117 (rad/s)␊
---␊
[KAL] FSM=INIT   Rail(p= -28.6 r= -94.0)  ESKF(p=  +0.0 r=  +0.0 y=  +0.0)  alt=-0.0m vD=+0.0␊
[KAL] hlth=0x1E  loop=118256us(max 118536)  mainLoop=122375us(max 125292)  NIS=0.0  hiNIS=0  yields=0␊
[KAL] IMU=15198  baro=74  gps=0  imuDrop=0  baroDrop=0  evtDrop=0  imuBuf=zu  baroBuf=zu  evtBuf=zu  rwd=3200  drained=0␊
[KAL] ring_hwm=[102,0,0]  gate=SHUT  grnd=NO  hdg=NO␊
[KAL] raw: ax=  +0.01 ay=  +0.25 az= -16.73  gx=-0.009 gy=-0.559 gz=+0.005  P=96838Pa T=26.7C␊
[KAL] gyroBias: +0.00043 -0.00035 -0.00073 (rad/s)␊
---␊
[KAL] FSM=INIT   Rail(p= -22.2 r=-108.4)  ESKF(p=  +0.0 r=  +0.0 y=  +0.0)  alt=-0.0m vD=+0.0␊
[KAL] hlth=0x1E  loop=117899us(max 118536)  mainLoop=122424us(max 125501)  NIS=0.0  hiNIS=0  yields=0␊
[KAL] IMU=16728  baro=82  gps=0  imuDrop=0  baroDrop=0  evtDrop=0  imuBuf=zu  baroBuf=zu  evtBuf=zu  rwd=3200  drained=0␊
[KAL] ring_hwm=[102,0,0]  gate=SHUT  grnd=NO  hdg=NO␊
[KAL] raw: ax=  -2.54 ay=  +0.19 az= -19.32  gx=+0.559 gy=-0.551 gz=+0.005  P=96834Pa T=26.7C␊
[KAL] gyroBias: -0.00012 -0.00077 +0.00005 (rad/s)␊
---␊
[KAL] FSM=INIT   Rail(p= -23.3 r=-118.5)  ESKF(p=  +0.0 r=  +0.0 y=  +0.0)  alt=-0.0m vD=+0.0␊
[KAL] hlth=0x1E  loop=117873us(max 118536)  mainLoop=122344us(max 125501)  NIS=0.0  hiNIS=0  yields=0␊
[KAL] IMU=18258  baro=89  gps=0  imuDrop=0  baroDrop=0  evtDrop=0  imuBuf=zu  baroBuf=zu  evtBuf=zu  rwd=3200  drained=0␊
[KAL] ring_hwm=[102,0,0]  gate=SHUT  grnd=NO  hdg=NO␊
[KAL] raw: ax=  +0.06 ay=  +0.39 az= -19.16  gx=+0.006 gy=+0.001 gz=+0.017  P=96834Pa T=26.7C␊
[KAL] gyroBias: -0.00042 -0.00014 -0.00049 (rad/s)␊
---␊
[KAL] FSM=INIT   Rail(p= -46.4 r=-140.8)  ESKF(p=  +0.0 r=  +0.0 y=  +0.0)  alt=-0.0m vD=+0.0␊
[KAL] hlth=0x1E  loop=117883us(max 118536)  mainLoop=122173us(max 125501)  NIS=0.0  hiNIS=0  yields=0␊
[KAL] IMU=19788  baro=97  gps=0  imuDrop=0  baroDrop=0  evtDrop=0  imuBuf=zu  baroBuf=zu  evtBuf=zu  rwd=3200  drained=0␊
[KAL] ring_hwm=[102,0,0]  gate=SHUT  grnd=NO  hdg=NO␊
[KAL] raw: ax=  +0.12 ay=  +0.23 az= -19.12  gx=+0.547 gy=-0.554 gz=+0.010  P=96833Pa T=26.7C␊
[KAL] gyroBias: -0.00101 +0.00082 -0.00102 (rad/s)␊
---␊
[KAL] FSM=INIT   Rail(p=  -4.4 r= -62.8)  ESKF(p=  +0.0 r=  +0.0 y=  +0.0)  alt=-0.0m vD=+0.0␊
[KAL] hlth=0x1E  loop=118504us(max 118536)  mainLoop=122366us(max 125501)  NIS=0.0  hiNIS=0  yields=0␊
[KAL] IMU=21318  baro=104  gps=0  imuDrop=0  baroDrop=0  evtDrop=0  imuBuf=zu  baroBuf=zu  evtBuf=zu  rwd=3200  drained=0␊
[KAL] ring_hwm=[102,0,0]  gate=SHUT  grnd=NO  hdg=NO␊
[KAL] raw: ax=  +0.17 ay=  +0.25 az= -16.90  gx=-0.001 gy=-0.546 gz=+0.001  P=96835Pa T=26.7C␊
[KAL] gyroBias: +0.00018 -0.00041 +0.00005 (rad/s)␊
---␊
[KAL] FSM=INIT   Rail(p= -17.3 r= -42.6)  ESKF(p=  +0.0 r=  +0.0 y=  +0.0)  alt=-0.0m vD=+0.0␊
[KAL] hlth=0x1E  loop=117941us(max 118615)  mainLoop=122924us(max 125751)  NIS=0.0  hiNIS=0  yields=0␊
[KAL] IMU=22848  baro=112  gps=0  imuDrop=0  baroDrop=0  evtDrop=0  imuBuf=zu  baroBuf=zu  evtBuf=zu  rwd=3200  drained=0␊
[KAL] ring_hwm=[102,0,0]  gate=SHUT  grnd=NO  hdg=NO␊
[KAL] raw: ax=  +0.10 ay=  +0.17 az= -19.18  gx=+0.551 gy=-0.001 gz=-0.563  P=96832Pa T=26.7C␊
[KAL] gyroBias: +0.00063 +0.00003 -0.00058 (rad/s)␊
---␊
[KAL] FSM=INIT   Rail(p= -14.9 r= -95.6)  ESKF(p=  +0.0 r=  +0.0 y=  +0.0)  alt=-0.0m vD=+0.0␊
[KAL] hlth=0x1E  loop=117875us(max 118615)  mainLoop=122661us(max 125751)  NIS=0.0  hiNIS=0  yields=0␊
[KAL] IMU=24378  baro=119  gps=0  imuDrop=0  baroDrop=0  evtDrop=0  imuBuf=zu  baroBuf=zu  evtBuf=zu  rwd=3200  drained=0␊
[KAL] ring_hwm=[102,0,0]  gate=SHUT  grnd=NO  hdg=NO␊
[KAL] raw: ax=  +0.08 ay=  +0.16 az= -16.78  gx=-0.009 gy=-0.556 gz=+0.010  P=96837Pa T=26.7C␊
[KAL] gyroBias: +0.00006 -0.00008 -0.00008 (rad/s)␊
---␊
[KAL] FSM=INIT   Rail(p= -29.3 r= -59.1)  ESKF(p=  +0.0 r=  +0.0 y=  +0.0)  alt=-0.0m vD=+0.0␊
[KAL] hlth=0x1E  loop=118021us(max 118615)  mainLoop=122226us(max 125751)  NIS=0.0  hiNIS=0  yields=0␊
[KAL] IMU=25908  baro=127  gps=0  imuDrop=0  baroDrop=0  evtDrop=0  imuBuf=zu  baroBuf=zu  evtBuf=zu  rwd=3200  drained=0␊
[KAL] ring_hwm=[102,0,0]  gate=SHUT  grnd=NO  hdg=NO␊
[KAL] raw: ax=  +0.06 ay=  +0.33 az= -16.69  gx=-0.546 gy=+0.005 gz=+0.002  P=96837Pa T=26.7C␊
[KAL] gyroBias: -0.00006 -0.00043 -0.00005 (rad/s)␊
---␊
[KAL] FSM=INIT   Rail(p= -44.3 r= -54.6)  ESKF(p=  +0.0 r=  +0.0 y=  +0.0)  alt=-0.0m vD=+0.0␊
[KAL] hlth=0x1E  loop=117623us(max 118615)  mainLoop=122386us(max 125751)  NIS=0.0  hiNIS=0  yields=0␊
[KAL] IMU=27438  baro=134  gps=0  imuDrop=0  baroDrop=0  evtDrop=0  imuBuf=zu  baroBuf=zu  evtBuf=zu  rwd=3200  drained=0␊
[KAL] ring_hwm=[102,0,0]  gate=SHUT  grnd=NO  hdg=NO␊
[KAL] raw: ax=  +0.13 ay=  +0.27 az= -19.25  gx=+0.009 gy=+0.571 gz=-0.550  P=96833Pa T=26.7C␊
[KAL] gyroBias: -0.00017 -0.00013 -0.00023 (rad/s)␊
---␊
[KAL] FSM=INIT   Rail(p= -17.9 r=  -7.1)  ESKF(p=  +0.0 r=  +0.0 y=  +0.0)  alt=-0.0m vD=+0.0␊
[KAL] hlth=0x1E  loop=117743us(max 118615)  mainLoop=122334us(max 125751)  NIS=0.0  hiNIS=0  yields=0␊
[KAL] IMU=28968  baro=142  gps=0  imuDrop=0  baroDrop=0  evtDrop=0  imuBuf=zu  baroBuf=zu  evtBuf=zu  rwd=3200  drained=0␊
[KAL] ring_hwm=[102,0,0]  gate=SHUT  grnd=NO  hdg=NO␊
[KAL] raw: ax=  +0.14 ay=  +0.21 az= -16.76  gx=-0.546 gy=+0.019 gz=+0.022  P=96833Pa T=26.7C␊
[KAL] gyroBias: +0.00085 +0.00022 -0.00055 (rad/s)␊
---␊
[KAL] FSM=INIT   Rail(p= -23.3 r= -18.7)  ESKF(p=  +0.0 r=  +0.0 y=  +0.0)  alt=-0.0m vD=+0.0␊
[KAL] hlth=0x1E  loop=117727us(max 118615)  mainLoop=122540us(max 125751)  NIS=0.0  hiNIS=0  yields=0␊
[KAL] IMU=30498  baro=149  gps=0  imuDrop=0  baroDrop=0  evtDrop=0  imuBuf=zu  baroBuf=zu  evtBuf=zu  rwd=3200  drained=0␊
[KAL] ring_hwm=[102,0,0]  gate=SHUT  grnd=NO  hdg=NO␊
[KAL] raw: ax=  +0.00 ay=  +0.29 az= -19.27  gx=+0.558 gy=-0.011 gz=-0.555  P=96836Pa T=26.7C␊
[KAL] gyroBias: -0.00009 -0.00036 -0.00001 (rad/s)␊
---␊
[KAL] FSM=INIT   Rail(p=  -7.9 r=  -7.4)  ESKF(p=  +0.0 r=  +0.0 y=  +0.0)  alt=-0.0m vD=+0.0␊
[KAL] hlth=0x1E  loop=117593us(max 118615)  mainLoop=121975us(max 125751)  NIS=0.0  hiNIS=0  yields=0␊
[KAL] IMU=32028  baro=157  gps=0  imuDrop=0  baroDrop=0  evtDrop=0  imuBuf=zu  baroBuf=zu  evtBuf=zu  rwd=3200  drained=0␊
[KAL] ring_hwm=[102,0,0]  gate=SHUT  grnd=NO  hdg=NO␊
[KAL] raw: ax=  +0.17 ay=  +0.27 az= -19.19  gx=+0.004 gy=+0.006 gz=+0.005  P=96835Pa T=26.7C␊
[KAL] gyroBias: -0.00082 +0.00039 -0.00015 (rad/s)␊
---␊
[KAL] FSM=INIT   Rail(p= -19.8 r= +30.0)  ESKF(p=  +0.0 r=  +0.0 y=  +0.0)  alt=-0.0m vD=+0.0␊
[KAL] hlth=0x1E  loop=117985us(max 118615)  mainLoop=122323us(max 125751)  NIS=0.0  hiNIS=0  yields=0␊
[KAL] IMU=33558  baro=164  gps=0  imuDrop=0  baroDrop=0  evtDrop=0  imuBuf=zu  baroBuf=zu  evtBuf=zu  rwd=3200  drained=0␊
[KAL] ring_hwm=[102,0,0]  gate=SHUT  grnd=NO  hdg=NO␊
[KAL] raw: ax=  -2.51 ay=  +0.24 az= -19.01  gx=+0.559 gy=-0.005 gz=-0.551  P=96838Pa T=26.7C␊
[KAL] gyroBias: +0.00020 +0.00023 -0.00038 (rad/s)␊
---␊
[KAL] FSM=INIT   Rail(p= -53.7 r= +90.0)  ESKF(p=  +0.0 r=  +0.0 y=  +0.0)  alt=-0.0m vD=+0.0␊
[KAL] hlth=0x1E  loop=118074us(max 118615)  mainLoop=122516us(max 125751)  NIS=0.0  hiNIS=0  yields=0␊
[KAL] IMU=35088  baro=172  gps=0  imuDrop=0  baroDrop=0  evtDrop=0  imuBuf=zu  baroBuf=zu  evtBuf=zu  rwd=3200  drained=0␊
[KAL] ring_hwm=[102,0,0]  gate=SHUT  grnd=NO  hdg=NO␊
[KAL] raw: ax=  +0.08 ay=  +0.20 az= -19.22  gx=+0.000 gy=+0.558 gz=-0.551  P=96834Pa T=26.7C␊
[KAL] gyroBias: -0.00011 +0.00006 -0.00018 (rad/s)␊
---␊
[KAL] FSM=INIT   Rail(p= -34.8 r= +91.3)  ESKF(p=  +0.0 r=  +0.0 y=  +0.0)  alt=-0.0m vD=+0.0␊
[KAL] hlth=0x1E  loop=117432us(max 118615)  mainLoop=122390us(max 125751)  NIS=0.0  hiNIS=0  yields=0␊
[KAL] IMU=36618  baro=179  gps=0  imuDrop=0  baroDrop=0  evtDrop=0  imuBuf=zu  baroBuf=zu  evtBuf=zu  rwd=3200  drained=0␊
[KAL] ring_hwm=[102,0,0]  gate=SHUT  grnd=NO  hdg=NO␊
[KAL] raw: ax=  +0.18 ay=  +0.29 az= -19.24  gx=+0.005 gy=+0.559 gz=-0.550  P=96833Pa T=26.7C␊
[KAL] gyroBias: +0.00022 -0.00011 -0.00003 (rad/s)␊
---␊
[KAL] FSM=INIT   Rail(p= -42.5 r= +85.9)  ESKF(p=  +0.0 r=  +0.0 y=  +0.0)  alt=-0.0m vD=+0.0␊
[KAL] hlth=0x1E  loop=118074us(max 118615)  mainLoop=122123us(max 125751)  NIS=0.0  hiNIS=0  yields=0␊
[KAL] IMU=38148  baro=187  gps=0  imuDrop=0  baroDrop=0  evtDrop=0  imuBuf=zu  baroBuf=zu  evtBuf=zu  rwd=3200  drained=0␊
[KAL] ring_hwm=[102,0,0]  gate=SHUT  grnd=NO  hdg=NO␊
[KAL] raw: ax=  +0.08 ay=  +0.35 az= -19.19  gx=+0.546 gy=-0.006 gz=-0.546  P=96839Pa T=26.7C␊
[KAL] gyroBias: +0.00082 -0.00051 +0.00008 (rad/s)␊
---␊
[KAL] FSM=INIT   Rail(p= +29.8 r= +58.5)  ESKF(p=  +0.0 r=  +0.0 y=  +0.0)  alt=-0.0m vD=+0.0␊
[KAL] hlth=0x1E  loop=117812us(max 118615)  mainLoop=122397us(max 125751)  NIS=0.0  hiNIS=0  yields=0␊
[KAL] IMU=39678  baro=194  gps=0  imuDrop=0  baroDrop=0  evtDrop=0  imuBuf=zu  baroBuf=zu  evtBuf=zu  rwd=3200  drained=0␊
[KAL] ring_hwm=[102,0,0]  gate=SHUT  grnd=NO  hdg=NO␊
[KAL] raw: ax=  +0.21 ay=  +0.27 az= -16.69  gx=-0.546 gy=+0.009 gz=+0.005  P=96844Pa T=26.7C␊
[KAL] gyroBias: +0.00010 -0.00014 -0.00010 (rad/s)␊
---␊
[KAL] FSM=INIT   Rail(p=  +6.0 r= +55.9)  ESKF(p=  +0.0 r=  +0.0 y=  +0.0)  alt=-0.0m vD=+0.0␊
[KAL] hlth=0x1E  loop=117813us(max 118615)  mainLoop=122105us(max 125751)  NIS=0.0  hiNIS=0  yields=0␊
[KAL] IMU=41208  baro=202  gps=0  imuDrop=0  baroDrop=0  evtDrop=0  imuBuf=zu  baroBuf=zu  evtBuf=zu  rwd=3200  drained=0␊
[KAL] ring_hwm=[102,0,0]  gate=SHUT  grnd=NO  hdg=NO␊
[KAL] raw: ax=  +0.08 ay=  +0.20 az= -19.18  gx=+0.546 gy=-0.547 gz=+0.002  P=96843Pa T=26.7C␊
[KAL] gyroBias: +0.00090 -0.00082 -0.00010 (rad/s)␊
---␊
[KAL] FSM=INIT   Rail(p= +71.7 r= -17.6)  ESKF(p=  +0.0 r=  +0.0 y=  +0.0)  alt=-0.0m vD=+0.0␊
[KAL] hlth=0x1E  loop=117820us(max 118615)  mainLoop=122559us(max 125751)  NIS=0.0  hiNIS=0  yields=0␊
[KAL] IMU=42738  baro=209  gps=0  imuDrop=0  baroDrop=0  evtDrop=0  imuBuf=zu  baroBuf=zu  evtBuf=zu  rwd=3200  drained=0␊
[KAL] ring_hwm=[102,0,0]  gate=SHUT  grnd=NO  hdg=NO␊
[KAL] raw: ax=  +0.27 ay=  +0.16 az= -16.71  gx=-0.559 gy=+0.034 gz=+0.005  P=96834Pa T=26.7C␊
[KAL] gyroBias: -0.00003 +0.00044 -0.00049 (rad/s)␊
---␊
[KAL] FSM=INIT   Rail(p= +71.1 r= -45.2)  ESKF(p=  +0.0 r=  +0.0 y=  +0.0)  alt=-0.0m vD=+0.0␊
[KAL] hlth=0x1E  loop=117847us(max 118615)  mainLoop=122199us(max 125751)  NIS=0.0  hiNIS=0  yields=0␊
[KAL] IMU=44268  baro=217  gps=0  imuDrop=0  baroDrop=0  evtDrop=0  imuBuf=zu  baroBuf=zu  evtBuf=zu  rwd=3200  drained=0␊
[KAL] ring_hwm=[102,0,0]  gate=SHUT  grnd=NO  hdg=NO␊
[KAL] raw: ax=  +0.06 ay=  +0.34 az= -19.21  gx=+0.005 gy=+0.005 gz=+0.015  P=96842Pa T=26.7C␊
[KAL] gyroBias: -0.00046 -0.00022 +0.00009 (rad/s)␊
---␊
[KAL] FSM=INIT   Rail(p= +73.1 r= -56.4)  ESKF(p=  +0.0 r=  +0.0 y=  +0.0)  alt=-0.0m vD=+0.0␊
[KAL] hlth=0x1E  loop=117526us(max 118615)  mainLoop=122332us(max 125751)  NIS=0.0  hiNIS=0  yields=0␊
[KAL] IMU=45798  baro=224  gps=0  imuDrop=0  baroDrop=0  evtDrop=0  imuBuf=zu  baroBuf=zu  evtBuf=zu  rwd=3200  drained=0␊
[KAL] ring_hwm=[102,0,0]  gate=SHUT  grnd=NO  hdg=NO␊
[KAL] raw: ax=  +0.12 ay=  +0.48 az= -19.14  gx=+0.559 gy=-0.010 gz=-0.555  P=96840Pa T=26.7C␊
[KAL] gyroBias: +0.00055 -0.00079 +0.00061 (rad/s)␊
---␊
[KAL] FSM=INIT   Rail(p= -33.9 r=-177.5)  ESKF(p=  +0.0 r=  +0.0 y=  +0.0)  alt=-0.0m vD=+0.0␊
[KAL] hlth=0x1E  loop=117320us(max 119348)  mainLoop=122735us(max 125751)  NIS=0.0  hiNIS=0  yields=0␊
[KAL] IMU=47328  baro=232  gps=0  imuDrop=0  baroDrop=0  evtDrop=0  imuBuf=zu  baroBuf=zu  evtBuf=zu  rwd=3200  drained=0␊
[KAL] ring_hwm=[102,0,0]  gate=SHUT  grnd=NO  hdg=NO␊
[KAL] raw: ax=  -3.76 ay=  +0.81 az= -19.58  gx=+0.149 gy=+0.644 gz=+0.517  P=96842Pa T=26.7C␊
[KAL] gyroBias: +0.00273 -0.00041 +0.00856 (rad/s)␊
---␊
[KAL] FSM=INIT   Rail(p=  -3.8 r= -10.0)  ESKF(p=  +0.0 r=  +0.0 y=  +0.0)  alt=-0.0m vD=+0.0␊
[KAL] hlth=0x1E  loop=118385us(max 120884)  mainLoop=123016us(max 125751)  NIS=0.0  hiNIS=0  yields=0␊
[KAL] IMU=48858  baro=239  gps=0  imuDrop=0  baroDrop=0  evtDrop=0  imuBuf=zu  baroBuf=zu  evtBuf=zu  rwd=3200  drained=0␊
[KAL] ring_hwm=[102,0,0]  gate=SHUT  grnd=NO  hdg=NO␊
[KAL] raw: ax=  -3.63 ay=  +1.98 az= -18.97  gx=+0.009 gy=+0.108 gz=+0.095  P=96837Pa T=26.7C␊
[KAL] gyroBias: -0.00092 -0.00004 +0.00267 (rad/s)␊
---␊
[KAL] FSM=INIT   Rail(p= -73.4 r= -31.3)  ESKF(p=  +0.0 r=  +0.0 y=  +0.0)  alt=-0.0m vD=+0.0␊
[KAL] hlth=0x1E  loop=118168us(max 121406)  mainLoop=123171us(max 126135)  NIS=0.0  hiNIS=0  yields=0␊
[KAL] IMU=50388  baro=247  gps=0  imuDrop=0  baroDrop=0  evtDrop=0  imuBuf=zu  baroBuf=zu  evtBuf=zu  rwd=3200  drained=0␊
[KAL] ring_hwm=[102,0,0]  gate=SHUT  grnd=NO  hdg=NO␊
[KAL] raw: ax=  +0.14 ay=  +0.10 az= -19.22  gx=+0.568 gy=-0.010 gz=-0.576  P=96844Pa T=26.7C␊
[KAL] gyroBias: +0.00770 +0.00145 -0.00899 (rad/s)␊
---␊
[KAL] FSM=INIT   Rail(p= -24.3 r= +67.5)  ESKF(p=  +0.0 r=  +0.0 y=  +0.0)  alt=-0.0m vD=+0.0␊
[KAL] hlth=0x1E  loop=118801us(max 121406)  mainLoop=123123us(max 126135)  NIS=0.0  hiNIS=0  yields=0␊
[KAL] IMU=51918  baro=254  gps=0  imuDrop=0  baroDrop=0  evtDrop=0  imuBuf=zu  baroBuf=zu  evtBuf=zu  rwd=3200  drained=0␊
[KAL] ring_hwm=[102,0,0]  gate=SHUT  grnd=NO  hdg=NO␊
[KAL] raw: ax=  -2.46 ay=  +0.01 az= -19.22  gx=+0.001 gy=+0.023 gz=+0.004  P=96846Pa T=26.7C␊
[KAL] gyroBias: -0.00010 -0.00051 -0.00064 (rad/s)␊
---␊
[KAL] FSM=INIT   Rail(p=  -0.5 r= -63.6)  ESKF(p=  +0.0 r=  +0.0 y=  +0.0)  alt=-0.0m vD=+0.0␊
[KAL] hlth=0x1E  loop=117678us(max 121406)  mainLoop=122657us(max 126135)  NIS=0.0  hiNIS=0  yields=0␊
[KAL] IMU=53448  baro=262  gps=0  imuDrop=0  baroDrop=0  evtDrop=0  imuBuf=zu  baroBuf=zu  evtBuf=zu  rwd=3200  drained=0␊
[KAL] ring_hwm=[102,0,0]  gate=SHUT  grnd=NO  hdg=NO␊
[KAL] raw: ax=  -2.50 ay=  +0.10 az= -16.83  gx=-0.002 gy=-0.555 gz=+0.010  P=96850Pa T=26.7C␊
[KAL] gyroBias: -0.00132 -0.00055 -0.00020 (rad/s)␊
---␊
