
Finished Init super loop␊
[KAL] FSM=INIT   Rail(p=  -8.7 r=-136.0)  ESKF(p=  +0.0 r=  +0.0 y=  +0.0)  alt=-0.0m vD=+0.0␊
[KAL] hlth=0x1E  loop=127741us(max 128523)  mainLoop=132887us(max 134029)  NIS=0.0  hiNIS=0  yields=0␊
[KAL] IMU=50898  baro=250  gps=0  imuDrop=0  baroDrop=0  evtDrop=0  imuBuf=zu  baroBuf=zu  evtBuf=zu  rwd=3200  drained=0␊
[KAL] ring_hwm=[102,0,0]  gate=SHUT  grnd=NO  hdg=NO␊
[KAL] raw: ax=  +0.01 ay=  +0.25 az= -16.67  gx=-0.005 gy=-0.550 gz=+0.006  P=96824Pa T=26.3C␊
[KAL] gyroBias: +0.00020 +0.00003 -0.00075 (rad/s)␊
---␊
[KAL] FSM=INIT   Rail(p= -55.2 r=-122.3)  ESKF(p=  +0.0 r=  +0.0 y=  +0.0)  alt=-0.0m vD=+0.0␊
[KAL] hlth=0x1E  loop=130002us(max 131347)  mainLoop=134971us(max 136845)  NIS=0.0  hiNIS=0  yields=0␊
[KAL] IMU=101898  baro=500  gps=0  imuDrop=0  baroDrop=0  evtDrop=0  imuBuf=zu  baroBuf=zu  evtBuf=zu  rwd=3200  drained=0␊
[KAL] ring_hwm=[102,0,0]  gate=OPEN  grnd=NO  hdg=NO␊
[KAL] raw: ax= -18.74 ay=  +5.77 az=  +2.84  gx=-0.609 gy=+0.017 gz=+0.039  P=96825Pa T=26.3C␊
[KAL] gyroBias: -0.00891 +0.00598 +0.00268 (rad/s)␊
---␊
[KAL] FSM=INIT   Rail(p=  -6.0 r=  +6.1)  ESKF(p=  +0.0 r=  +0.0 y=  +0.0)  alt=-0.0m vD=+0.0␊
[KAL] hlth=0x1E  loop=128863us(max 131560)  mainLoop=135381us(max 138189)  NIS=0.0  hiNIS=0  yields=0␊
[KAL] IMU=152898  baro=750  gps=0  imuDrop=0  baroDrop=0  evtDrop=0  imuBuf=zu  baroBuf=zu  evtBuf=zu  rwd=3200  drained=0␊
[KAL] ring_hwm=[102,0,0]  gate=SHUT  grnd=NO  hdg=NO␊
[KAL] raw: ax=  +7.27 ay=  +9.17 az= -15.56  gx=-0.108 gy=-0.692 gz=+0.077  P=96793Pa T=26.7C␊
[KAL] gyroBias: -0.00100 -0.00671 +0.00083 (rad/s)␊
---␊
[KAL] FSM=INIT   Rail(p= +25.0 r=+129.0)  ESKF(p=  +0.0 r=  +0.0 y=  +0.0)  alt=-0.0m vD=+0.0␊
[KAL] hlth=0x1E  loop=127022us(max 131824)  mainLoop=132794us(max 138189)  NIS=0.0  hiNIS=0  yields=0␊
[KAL] IMU=203898  baro=1000  gps=0  imuDrop=0  baroDrop=0  evtDrop=0  imuBuf=zu  baroBuf=zu  evtBuf=zu  rwd=3200  drained=0␊
[KAL] ring_hwm=[102,0,0]  gate=SHUT  grnd=NO  hdg=NO␊
[KAL] raw: ax= +12.92 ay= +13.03 az= -17.35  gx=-0.535 gy=-0.257 gz=+0.116  P=96821Pa T=27.2C␊
[KAL] gyroBias: -0.00629 -0.00534 +0.00204 (rad/s)␊
---␊
[KAL] FSM=INIT   Rail(p= +35.9 r=  -4.5)  ESKF(p=  +0.0 r=  +0.0 y=  +0.0)  alt=-0.0m vD=+0.0␊
[KAL] hlth=0x1E  loop=127353us(max 131824)  mainLoop=132464us(max 138189)  NIS=0.0  hiNIS=0  yields=0␊
[KAL] IMU=254898  baro=1250  gps=0  imuDrop=0  baroDrop=0  evtDrop=0  imuBuf=zu  baroBuf=zu  evtBuf=zu  rwd=3200  drained=0␊
[KAL] ring_hwm=[102,0,0]  gate=SHUT  grnd=NO  hdg=NO␊
[KAL] raw: ax=  +0.48 ay=  +0.56 az= -19.32  gx=+0.547 gy=-0.000 gz=-0.546  P=96832Pa T=27.2C␊
[KAL] gyroBias: -0.00002 -0.00075 +0.00051 (rad/s)␊
---␊
[KAL-DBG] Force-flight: injecting BURN state + liftoff␊
[KAL] FSM=INIT   Rail(p= -52.0 r= -38.0)  ESKF(p=  +0.0 r=  +0.0 y=  +0.0)  alt=-0.0m vD=+0.0␊
[KAL] hlth=0x1E  loop=126843us(max 131824)  mainLoop=131853us(max 138189)  NIS=0.0  hiNIS=0  yields=0␊
[KAL] IMU=305898  baro=1500  gps=0  imuDrop=0  baroDrop=0  evtDrop=0  imuBuf=zu  baroBuf=zu  evtBuf=zu  rwd=3200  drained=0␊
[KAL] ring_hwm=[102,0,0]  gate=SHUT  grnd=NO  hdg=NO␊
[KAL] raw: ax=  +0.45 ay=  +0.73 az= -16.69  gx=-0.547 gy=+0.547 gz=-0.547  P=96827Pa T=27.0C␊
[KAL] gyroBias: -0.00072 +0.00066 -0.00045 (rad/s)␊
---␊
[KAL] FSM=BURN   Rail(p=  +4.7 r= -82.1)  ESKF(p=  -3.2 r= -18.1 y= +44.9)  alt=-246.5m vD=+34.4␊
[KAL] hlth=0[KAL] FSM=INIT   Rail(p= +25.0 r=+129.0)  ESKF(p=  +0.0 r=  +0.0 y=  +0.0)  alt=-0.0m vD=+0.0␊
[KAL] hlth=0x1E  loop=127022us(max 131824)  mainLoop=132794us(max 138189)  NIS=0.0  hiNIS=0  yields=0␊
[KAL] IMU=203898  baro=1000  gps=0  imuDrop=0  baroDrop=0  evtDrop=0  imuBuf=zu  baroBuf=zu  evtBuf=zu  rwd=3200  drained=0␊
[KAL] ring_hwm=[102,0,0]  gate=SHUT  grnd=NO  hdg=NO␊
[KAL] raw: ax= +12.92 ay= +13.03 az= -17.35  gx=-0.535 gy=-0.257 gz=+0.116  P=96821Pa T=27.2C␊
[KAL] gyroBias: -0.00629 -0.00534 +0.00204 (rad/s)␊x1E  loop=127027us(max 133099)  mainLoop=132361us(max 138442)  NIS=0.0  hiNIS=0  yields=500␊
[KAL] IMU=356898  baro=1750  gps=0  imuDrop=0  baroDrop=11  evtDrop=0  imuBuf=zu  baroBuf=zu  evtBuf=zu  rwd=3200  drained=10␊
[KAL] ring_hwm=[102,0,0]  gate=SHUT  grnd=NO  hdg=NO␊
[KAL] raw: ax=  +0.52 ay=  +0.79 az= -19.07  gx=+0.022 gy=+0.002 gz=+0.013  P=96841Pa T=26.9C␊
[KAL] gyroBias: -0.00081 +0.00042 +0.00007 (rad/s)␊
---␊
[KAL] FSM=BURN   Rail(p=  +4.7 r= -82.1)  ESKF(p=  -6.8 r= -11.0 y= +29.8)  alt=-659.2m vD=+39.9␊
[KAL] hlth=0x1E  loop=126951us(max 133099)  mainLoop=132330us(max 138442)  NIS=0.0  hiNIS=0  yields=1000␊
[KAL] IMU=407898  baro=2000  gps=0  imuDrop=0  baroDrop=11  evtDrop=0  imuBuf=zu  baroBuf=zu  evtBuf=zu  rwd=3200  drained=10␊
[KAL] ring_hwm=[102,0,0]  gate=SHUT  grnd=NO  hdg=NO␊
[KAL] raw: ax=  +0.52 ay=  +0.48 az= -19.14  gx=+0.001 gy=+0.004 gz=+0.001  P=96827Pa T=26.9C␊
[KAL] gyroBias: -0.00081 +0.00042 +0.00007 (rad/s)␊
---␊
[KAL] FSM=BURN   Rail(p=  +4.7 r= -82.1)  ESKF(p= -36.2 r= +14.8 y= +42.2)  alt=-1069.7m vD=+51.2␊
[KAL] hlth=0x1E  loop=127200us(max 133099)  mainLoop=132414us(max 138442)  NIS=0.0  hiNIS=0  yields=1500␊
[KAL] IMU=458898  baro=2250  gps=0  imuDrop=0  baroDrop=11  evtDrop=0  imuBuf=zu  baroBuf=zu  evtBuf=zu  rwd=3200  drained=10␊
[KAL] ring_hwm=[102,0,0]  gate=SHUT  grnd=NO  hdg=NO␊
[KAL] raw: ax=  +0.36 ay=  +0.54 az= -19.10  gx=+0.002 gy=+0.006 gz=+0.000  P=96844Pa T=26.9C␊
[KAL] gyroBias: -0.00081 +0.00042 +0.00007 (rad/s)␊
---␊
