Finished Init super loop␊
[KAL] FSM=INIT   Rail(p=  +0.0 r=  +0.0)  ESKF(p=  +0.0 r=  +0.0 y=  +0.0)  alt=-0.0m vD=+0.0␊
[KAL] hlth=0x1E  loop=368us(max 369)  mainLoop=10032us(max 15279)  NIS=0.0  hiNIS=0  yields=0␊
[KAL] IMU=0  baro=167  gps=0  imuDrop=0  baroDrop=0  evtDrop=0  imuBuf=zu  baroBuf=zu  evtBuf=zu  rwd=0  drained=0␊
[KAL] ring_hwm=[0,0,0]  gate=OPEN  grnd=NO  hdg=NO␊
[KAL] raw: ax=  +0.00 ay=  +0.00 az=  +0.00  gx=+0.000 gy=+0.000 gz=+0.000  P=96830Pa T=26.0C␊
[KAL] gyroBias: +0.00000 +0.00000 +0.00000 (rad/s)␊
---␊
[KAL] FSM=INIT   Rail(p=  +0.0 r=  +0.0)  ESKF(p=  +0.0 r=  +0.0 y=  +0.0)  alt=-0.0m vD=+0.0␊
[KAL] hlth=0x1E  loop=336us(max 369)  mainLoop=10785us(max 15279)  NIS=0.0  hiNIS=0  yields=0␊
[KAL] IMU=0  baro=333  gps=0  imuDrop=0  baroDrop=0  evtDrop=0  imuBuf=zu  baroBuf=zu  evtBuf=zu  rwd=0  drained=0␊
[KAL] ring_hwm=[0,0,0]  gate=OPEN  grnd=NO  hdg=NO␊
[KAL] raw: ax=  +0.00 ay=  +0.00 az=  +0.00  gx=+0.000 gy=+0.000 gz=+0.000  P=96830Pa T=26.0C␊
[KAL] gyroBias: +0.00000 +0.00000 +0.00000 (rad/s)␊
---␊
[KAL] FSM=INIT   Rail(p=  +0.0 r=  +0.0)  ESKF(p=  +0.0 r=  +0.0 y=  +0.0)  alt=-0.0m vD=+0.0␊
[KAL] hlth=0x1E  loop=338us(max 369)  mainLoop=10134us(max 15279)  NIS=0.0  hiNIS=0  yields=0␊
[KAL] IMU=0  baro=500  gps=0  imuDrop=0  baroDrop=0  evtDrop=0  imuBuf=zu  baroBuf=zu  evtBuf=zu  rwd=0  drained=0␊
[KAL] ring_hwm=[0,0,0]  gate=OPEN  grnd=NO  hdg=NO␊
[KAL] raw: ax=  +0.00 ay=  +0.00 az=  +0.00  gx=+0.000 gy=+0.000 gz=+0.000  P=96831Pa T=26.0C␊
[KAL] gyroBias: +0.00000 +0.00000 +0.00000 (rad/s)␊
---␊
[KAL] FSM=INIT   Rail(p=  +0.0 r=  +0.0)  ESKF(p=  +0.0 r=  +0.0 y=  +0.0)  alt=-0.0m vD=+0.0␊
[KAL] hlth=0x1E  loop=338us(max 369)  mainLoop=10134us(max 15279)  NIS=0.0  hiNIS=0  yields=0␊
[KAL] IMU=0  baro=667  gps=0  imuDrop=0  baroDrop=0  evtDrop=0  imuBuf=zu  baroBuf=zu  evtBuf=zu  rwd=0  drained=0␊
[KAL] ring_hwm=[0,0,0]  gate=OPEN  grnd=NO  hdg=NO␊
[KAL] raw: ax=  +0.00 ay=  +0.00 az=  +0.00  gx=+0.000 gy=+0.000 gz=+0.000  P=96834Pa T=26.1C␊
[KAL] gyroBias: +0.00000 +0.00000 +0.00000 (rad/s)␊
---␊
[KAL] FSM=INIT   Rail(p=  +0.0 r=  +0.0)  ESKF(p=  +0.0 r=  +0.0 y=  +0.0)  alt=-0.0m vD=+0.0␊
[KAL] hlth=0x1E  loop=339us(max 369)  mainLoop=10134us(max 15279)  NIS=0.0  hiNIS=0  yields=0␊
[KAL] IMU=0  baro=834  gps=0  imuDrop=0  baroDrop=0  evtDrop=0  imuBuf=zu  baroBuf=zu  evtBuf=zu  rwd=0  drained=0␊
[KAL] ring_hwm=[0,0,0]  gate=OPEN  grnd=NO  hdg=NO␊
[KAL] raw: ax=  +0.00 ay=  +0.00 az=  +0.00  gx=+0.000 gy=+0.000 gz=+0.000  P=96829Pa T=26.1C␊
[KAL] gyroBias: +0.00000 +0.00000 +0.00000 (rad/s)␊
---␊
[KAL-DBG] Force-flight: injecting BURN state + liftoff␊
[KAL] FSM=INIT   Rail(p=  +0.0 r=  +0.0)  ESKF(p=  +0.0 r=  +0.0 y=  +0.0)  alt=-0.0m vD=+0.0␊
[KAL] hlth=0x1E  loop=338us(max 369)  mainLoop=10132us(max 15279)  NIS=0.0  hiNIS=0  yields=0␊
[KAL] IMU=0  baro=1001  gps=0  imuDrop=0  baroDrop=0  evtDrop=0  imuBuf=zu  baroBuf=zu  evtBuf=zu  rwd=0  drained=0␊
[KAL] ring_hwm=[0,0,0]  gate=OPEN  grnd=NO  hdg=NO␊
[KAL] raw: ax=  +0.00 ay=  +0.00 az=  +0.00  gx=+0.000 gy=+0.000 gz=+0.000  P=96821Pa T=26.2C␊
[KAL] gyroBias: +0.00000 +0.00000 +0.00000 (rad/s)␊
---␊
[KAL] FSM=BURN   Rail(p=  +0.0 r=  +0.0)  ESKF(p=  +0.0 r=  +0.0 y=  +0.0)  alt=-0.0m vD=+0.0␊
[KAL] hlth=0x1E  loop=426us(max 1448)  mainLoop=10134us(max 15279)  NIS=0.0  hiNIS=0  yields=0␊
[KAL] IMU=0  baro=1168  gps=0  imuDrop=0  baroDrop=117  evtDrop=0  imuBuf=zu  baroBuf=zu  evtBuf=zu  rwd=0  drained=50␊
[KAL] ring_hwm=[0,0,0]  gate=OPEN  grnd=NO  hdg=NO␊
[KAL] raw: ax=  +0.00 ay=  +0.00 az=  +0.00  gx=+0.000 gy=+0.000 gz=+0.000  P=96833Pa T=26.3C␊
[KAL] gyroBias: +0.00000 +0.00000 +0.00000 (rad/s)␊
---␊
[KAL] FSM=BURN   Rail(p=  +0.0 r=  +0.0)  ESKF(p=  +0.0 r=  +0.0 y=  +0.0)  alt=-0.0m vD=+0.0␊
[KAL] hlth=0x1E  loop=425us(max 1448)  mainLoop=10132us(max 15279)  NIS=0.0  hiNIS=0  yields=0␊
[KAL] IMU=0  baro=1335  gps=0  imuDrop=0  baroDrop=284  evtDrop=0  imuBuf=zu  baroBuf=zu  evtBuf=zu  rwd=0  drained=50␊
[KAL] ring_hwm=[0,0,0]  gate=OPEN  grnd=NO  hdg=NO␊
[KAL] raw: ax=  +0.00 ay=  +0.00 az=  +0.00  gx=+0.000 gy=+0.000 gz=+0.000  P=96837Pa T=26.4C␊
[KAL] gyroBias: +0.00000 +0.00000 +0.00000 (rad/s)␊
---␊
[KAL] FSM=BURN   Rail(p=  +0.0 r=  +0.0)  ESKF(p=  +0.0 r=  +0.0 y=  +0.0)  alt=-0.0m vD=+0.0␊
[KAL] hlth=0x1E  loop=425us(max 1448)  mainLoop=10133us(max 15279)  NIS=0.0  hiNIS=0  yields=0␊
[KAL] IMU=0  baro=1502  gps=0  imuDrop=0  baroDrop=451  evtDrop=0  imuBuf=zu  baroBuf=zu  evtBuf=zu  rwd=0  drained=50␊
[KAL] ring_hwm=[0,0,0]  gate=OPEN  grnd=NO  hdg=NO␊
[KAL] raw: ax=  +0.00 ay=  +0.00 az=  +0.00  gx=+0.000 gy=+0.000 gz=+0.000  P=96812Pa T=26.4C␊
[KAL] gyroBias: +0.00000 +0.00000 +0.00000 (rad/s)␊
---␊
[KAL] FSM=BURN   Rail(p=  +0.0 r=  +0.0)  ESKF(p=  +0.0 r=  +0.0 y=  +0.0)  alt=-0.0m vD=+0.0␊
[KAL] hlth=0x1E  loop=425us(max 1448)  mainLoop=10133us(max 15279)  NIS=0.0  hiNIS=0  yields=0␊
[KAL] IMU=0  baro=1669  gps=0  imuDrop=0  baroDrop=618  evtDrop=0  imuBuf=zu  baroBuf=zu  evtBuf=zu  rwd=0  drained=50␊
[KAL] ring_hwm=[0,0,0]  gate=OPEN  grnd=NO  hdg=NO␊
[KAL] raw: ax=  +0.00 ay=  +0.00 az=  +0.00  gx=+0.000 gy=+0.000 gz=+0.000  P=96796Pa T=26.5C␊
[KAL] gyroBias: +0.00000 +0.00000 +0.00000 (rad/s)␊
---␊
[KAL] FSM=BURN   Rail(p=  +0.0 r=  +0.0)  ESKF(p=  +0.0 r=  +0.0 y=  +0.0)  alt=-0.0m vD=+0.0␊
[KAL] hlth=0x1E  loop=426us(max 1448)  mainLoop=10133us(max 15279)  NIS=0.0  hiNIS=0  yields=0␊
[KAL] IMU=0  baro=1836  gps=0  imuDrop=0  baroDrop=785  evtDrop=0  imuBuf=zu  baroBuf=zu  evtBuf=zu  rwd=0  drained=50␊
[KAL] ring_hwm=[0,0,0]  gate=OPEN  grnd=NO  hdg=NO␊
[KAL] raw: ax=  +0.00 ay=  +0.00 az=  +0.00  gx=+0.000 gy=+0.000 gz=+0.000  P=96787Pa T=26.5C␊
[KAL] gyroBias: +0.00000 +0.00000 +0.00000 (rad/s)␊
---␊
[KAL] FSM=BURN   Rail(p=  +0.0 r=  +0.0)  ESKF(p=  +0.0 r=  +0.0 y=  +0.0)  alt=-0.0m vD=+0.0␊
[KAL] hlth=0x1E  loop=426us(max 1448)  mainLoop=10132us(max 15279)  NIS=0.0  hiNIS=0  yields=0␊
[KAL] IMU=0  baro=2003  gps=0  imuDrop=0  baroDrop=952  evtDrop=0  imuBuf=zu  baroBuf=zu  evtBuf=zu  rwd=0  drained=50␊
[KAL] ring_hwm=[0,0,0]  gate=OPEN  grnd=NO  hdg=NO␊
[KAL] raw: ax=  +0.00 ay=  +0.00 az=  +0.00  gx=+0.000 gy=+0.000 gz=+0.000  P=96793Pa T=26.6C␊
[KAL] gyroBias: +0.00000 +0.00000 +0.00000 (rad/s)␊
---␊
[KAL] FSM=BURN   Rail(p=  +0.0 r=  +0.0)  ESKF(p=  +0.0 r=  +0.0 y=  +0.0)  alt=-0.0m vD=+0.0␊
[KAL] hlth=0x1E  loop=425us(max 1448)  mainLoop=10133us(max 15279)  NIS=0.0  hiNIS=0  yields=0␊
[KAL] IMU=0  baro=2170  gps=0  imuDrop=0  baroDrop=1119  evtDrop=0  imuBuf=zu  baroBuf=zu  evtBuf=zu  rwd=0  drained=50␊
[KAL] ring_hwm=[0,0,0]  gate=OPEN  grnd=NO  hdg=NO␊
[KAL] raw: ax=  +0.00 ay=  +0.00 az=  +0.00  gx=+0.000 gy=+0.000 gz=+0.000  P=96794Pa T=26.6C␊
[KAL] gyroBias: +0.00000 +0.00000 +0.00000 (rad/s)␊
---␊
[KAL] FSM=BURN   Rail(p=  +0.0 r=  +0.0)  ESKF(p=  +0.0 r=  +0.0 y=  +0.0)  alt=-0.0m vD=+0.0␊
[KAL] hlth=0x1E  loop=425us(max 1448)  mainLoop=10133us(max 15279)  NIS=0.0  hiNIS=0  yields=0␊
[KAL] IMU=0  baro=2337  gps=0  imuDrop=0  baroDrop=1286  evtDrop=0  imuBuf=zu  baroBuf=zu  evtBuf=zu  rwd=0  drained=50␊
[KAL] ring_hwm=[0,0,0]  gate=OPEN  grnd=NO  hdg=NO␊
[KAL] raw: ax=  +0.00 ay=  +0.00 az=  +0.00  gx=+0.000 gy=+0.000 gz=+0.000  P=96789Pa T=26.6C␊
[KAL] gyroBias: +0.00000 +0.00000 +0.00000 (rad/s)␊
---␊
[KAL] FSM=BURN   Rail(p=  +0.0 r=  +0.0)  ESKF(p=  +0.0 r=  +0.0 y=  +0.0)  alt=-0.0m vD=+0.0␊
[KAL] hlth=0x1E  loop=428us(max 1448)  mainLoop=10132us(max 15279)  NIS=0.0  hiNIS=0  yields=0␊
[KAL] IMU=0  baro=2504  gps=0  imuDrop=0  baroDrop=1453  evtDrop=0  imuBuf=zu  baroBuf=zu  evtBuf=zu  rwd=0  drained=50␊
[KAL] ring_hwm=[0,0,0]  gate=OPEN  grnd=NO  hdg=NO␊
[KAL] raw: ax=  +0.00 ay=  +0.00 az=  +0.00  gx=+0.000 gy=+0.000 gz=+0.000  P=96794Pa T=26.7C␊
[KAL] gyroBias: +0.00000 +0.00000 +0.00000 (rad/s)␊
---␊
[KAL] FSM=BURN   Rail(p=  +0.0 r=  +0.0)  ESKF(p=  +0.0 r=  +0.0 y=  +0.0)  alt=-0.0m vD=+0.0␊
[KAL] hlth=0x1E  loop=426us(max 1448)  mainLoop=10132us(max 15279)  NIS=0.0  hiNIS=0  yields=0␊
[KAL] IMU=0  baro=2671  gps=0  imuDrop=0  baroDrop=1620  evtDrop=0  imuBuf=zu  baroBuf=zu  evtBuf=zu  rwd=0  drained=50␊
[KAL] ring_hwm=[0,0,0]  gate=OPEN  grnd=NO  hdg=NO␊
[KAL] raw: ax=  +0.00 ay=  +0.00 az=  +0.00  gx=+0.000 gy=+0.000 gz=+0.000  P=96818Pa T=26.7C␊
[KAL] gyroBias: +0.00000 +0.00000 +0.00000 (rad/s)␊
---␊
[KAL] FSM=BURN   Rail(p=  +0.0 r=  +0.0)  ESKF(p=  +0.0 r=  +0.0 y=  +0.0)  alt=-0.0m vD=+0.0␊
[KAL] hlth=0x1E  loop=426us(max 1448)  mainLoop=10134us(max 15279)  NIS=0.0  hiNIS=0  yields=0␊
[KAL] IMU=0  baro=2838  gps=0  imuDrop=0  baroDrop=1787  evtDrop=0  imuBuf=zu  baroBuf=zu  evtBuf=zu  rwd=0  drained=50␊
[KAL] ring_hwm=[0,0,0]  gate=OPEN  grnd=NO  hdg=NO␊
[KAL] raw: ax=  +0.00 ay=  +0.00 az=  +0.00  gx=+0.000 gy=+0.000 gz=+0.000  P=96826Pa T=26.7C␊
[KAL] gyroBias: +0.00000 +0.00000 +0.00000 (rad/s)␊
---␊
[KAL] FSM=BURN   Rail(p=  +0.0 r=  +0.0)  ESKF(p=  +0.0 r=  +0.0 y=  +0.0)  alt=-0.0m vD=+0.0␊
[KAL] hlth=0x1E  loop=426us(max 1448)  mainLoop=10134us(max 15279)  NIS=0.0  hiNIS=0  yields=0␊
[KAL] IMU=0  baro=3005  gps=0  imuDrop=0  baroDrop=1954  evtDrop=0  imuBuf=zu  baroBuf=zu  evtBuf=zu  rwd=0  drained=50␊
[KAL] ring_hwm=[0,0,0]  gate=OPEN  grnd=NO  hdg=NO␊
[KAL] raw: ax=  +0.00 ay=  +0.00 az=  +0.00  gx=+0.000 gy=+0.000 gz=+0.000  P=96822Pa T=26.7C␊
[KAL] gyroBias: +0.00000 +0.00000 +0.00000 (rad/s)␊
---␊
[KAL] FSM=BURN   Rail(p=  +0.0 r=  +0.0)  ESKF(p=  +0.0 r=  +0.0 y=  +0.0)  alt=-0.0m vD=+0.0␊
[KAL] hlth=0x1E  loop=426us(max 1448)  mainLoop=10133us(max 15279)  NIS=0.0  hiNIS=0  yields=0␊
[KAL] IMU=0  baro=3172  gps=0  imuDrop=0  baroDrop=2121  evtDrop=0  imuBuf=zu  baroBuf=zu  evtBuf=zu  rwd=0  drained=50␊
[KAL] ring_hwm=[0,0,0]  gate=OPEN  grnd=NO  hdg=NO␊
[KAL] raw: ax=  +0.00 ay=  +0.00 az=  +0.00  gx=+0.000 gy=+0.000 gz=+0.000  P=96822Pa T=26.7C␊
[KAL] gyroBias: +0.00000 +0.00000 +0.00000 (rad/s)␊
---␊
